[www.templatemonster.com/demo/56030.html]
[backblue.gif]
[fade.gif]
[index.html]
[s.tmimgcdn.com/img/logo-touch/favicon-16x164b94.png]
[s.tmimgcdn.com/img/logo-touch/favicon-32x324b94.png]
[s.tmimgcdn.com/img/logo-touch/favicon-96x964b94.png]
[s.tmimgcdn.com/img/logo-touch/android-chrome-364b94.png]
[s.tmimgcdn.com/img/logo-touch/android-chrome-484b94.png]
[s.tmimgcdn.com/img/logo-touch/android-chrome-724b94.png]
[s.tmimgcdn.com/img/logo-touch/android-chrome-964b94.png]
[s.tmimgcdn.com/img/logo-touch/android-chrome-1444b94.png]
[s.tmimgcdn.com/img/logo-touch/android-chrome-1924b94.png]
[s.tmimgcdn.com/img/logo-touch/apple-touch-icon-precomposed4b94.png]
[s.tmimgcdn.com/img/logo-touch/apple-touch-icon-1804b94.png]
[s.tmimgcdn.com/img/logo-touch/apple-touch-icon-1524b94.png]
[s.tmimgcdn.com/img/logo-touch/apple-touch-icon-1444b94.png]
[s.tmimgcdn.com/img/logo-touch/apple-touch-icon-1204b94.png]
[s.tmimgcdn.com/img/logo-touch/apple-touch-icon-1144b94.png]
[s.tmimgcdn.com/img/logo-touch/apple-touch-icon-764b94.png]
[s.tmimgcdn.com/img/logo-touch/apple-touch-icon-724b94.png]
[s.tmimgcdn.com/img/logo-touch/apple-touch-icon-604b94.png]
[s.tmimgcdn.com/img/logo-touch/apple-touch-icon-574b94.png]
[s.tmimgcdn.com/css/owl.carousel6135.css]
[s.tmimgcdn.com/css/owl.theme6135.css]
[s.tmimgcdn.com/css/standalone/livedemo6135.css]
[s.tmimgcdn.com/js/tm/frontend/indclude-js.minea21.js]
[s.tmimgcdn.com/js/plasma-pocket-react/monsterBundleea21.js]
[s.tmimgcdn.com/css/svg-icons6135.css]
[www.templatemonster.com/demo/56030.html]
[www.templatemonster.com/js/config.js]
[s.tmimgcdn.com/css/font.css]
[s.tmimgcdn.com/css/bootstrap.css]
[s.tmimgcdn.com/img/segmentation-popup/window.png]
[s.tmimgcdn.com/img/segmentation-popup/pen.png]
[s.tmimgcdn.com/img/segmentation-popup/bag.png]
[s.tmimgcdn.com/img/segmentation-popup/gear.png]
[s.tmimgcdn.com/img/segmentation-popup/triangles.png]
[s.tmimgcdn.com/img/segmentation-popup/check.png]
[s.tmimgcdn.com/css/standalone/livedemo6135.css]
[s.tmimgcdn.com/css/owl.carousel6135.css]
[s.tmimgcdn.com/img/small-spinner.gif]
[s.tmimgcdn.com/css/owl.theme6135.css]
[www.googletagmanager.com/gtm5445.html]
[s.tmimgcdn.com/js/tm/frontend/indclude-js.minea21.js]
[www.templatemonster.com/demo/chat_presales=1; expires=03 Jul 2036 21_44_38 GMT; domain=.templatemonster.com; path=/index.html]
[www.templatemonster.com/demo/callback_notice=closed; expires=03 Jul 2036 21_44_38 GMT; domain=.templatemonster.com; path=/index.html]
[www.templatemonster.com/demo/require.25.delayed]
[s.tmimgcdn.com/js/plasma-pocket-react/monsterBundleea21.js]
[s.tmimgcdn.com/css/svg-icons6135.css]
[www.templatemonster.com/js/config.js]
[s.tmimgcdn.com/css/font.css]
[s.tmimgcdn.com/css/bootstrap.css]
[www.templatemonster.com/demo/chat_presales=1; expires=03 Jul 2036 21_44_38 GMT; domain=.templatemonster.com; path=/index.html]
[www.templatemonster.com/demo/callback_notice=closed; expires=03 Jul 2036 21_44_38 GMT; domain=.templatemonster.com; path=/index.html]
[www.templatemonster.com/demo/require.html]
[www.templatemonster.com/demo/$&/index.html]
[www.templatemonster.com/demo/$&/index.html]
[www.templatemonster.com/demo/@@History/index.html]
[www.templatemonster.com/demo/ABCDEFGHIJKLMNOPQRSTUVWXYZabcdefghijklmnopqrstuvwxyz0123456789+/index.html]
[www.templatemonster.com/demo/ABCDEFGHIJKLMNOPQRSTUVWXYZabcdefghijklmnopqrstuvwxyz0123456789+/index.html]
[www.templatemonster.com/demo/@@History/index.html]
